// Jest Snapshot v1, https://goo.gl/fbAQLP

exports[`eval box shadow with colors 1`] = `"0 8px 8px rgba(0,0,0, 0.1) , 0 0 0 1px rgba(0,0,0, 0.1)"`;

exports[`resolve font family 1`] = `"BlinkMacSystemFont,-apple-system,\\"Segoe UI\\",\\"Roboto\\",\\"Oxygen\\",\\"Ubuntu\\",\\"Cantarell\\",\\"Fira Sans\\",\\"Droid Sans\\",\\"Helvetica Neue\\",\\"Helvetica\\",\\"Arial\\",sans-serif"`;
